#! /usr/bin/vvp
:ivl_version "12.0 (stable)";
:ivl_delay_selection "TYPICAL";
:vpi_time_precision - 12;
:vpi_module "/usr/lib/x86_64-linux-gnu/ivl/system.vpi";
:vpi_module "/usr/lib/x86_64-linux-gnu/ivl/vhdl_sys.vpi";
:vpi_module "/usr/lib/x86_64-linux-gnu/ivl/vhdl_textio.vpi";
:vpi_module "/usr/lib/x86_64-linux-gnu/ivl/v2005_math.vpi";
:vpi_module "/usr/lib/x86_64-linux-gnu/ivl/va_math.vpi";
S_0x5d7dd4b6ebc0 .scope module, "alu_tb" "alu_tb" 2 2;
 .timescale -9 -12;
v0x5d7dd4b82850_0 .var "a", 7 0;
v0x5d7dd4b82930_0 .var "b", 7 0;
v0x5d7dd4b82a00_0 .net "carry", 0 0, v0x5d7dd4b824d0_0;  1 drivers
v0x5d7dd4b82b00_0 .net "result", 7 0, v0x5d7dd4b825a0_0;  1 drivers
v0x5d7dd4b82bd0_0 .var "sel", 2 0;
S_0x5d7dd4b6ed50 .scope module, "uut" "alu" 2 8, 3 1 0, S_0x5d7dd4b6ebc0;
 .timescale 0 0;
    .port_info 0 /INPUT 8 "a";
    .port_info 1 /INPUT 8 "b";
    .port_info 2 /INPUT 3 "sel";
    .port_info 3 /OUTPUT 8 "result";
    .port_info 4 /OUTPUT 1 "carry";
v0x5d7dd4b6ef50_0 .net "a", 7 0, v0x5d7dd4b82850_0;  1 drivers
v0x5d7dd4b823f0_0 .net "b", 7 0, v0x5d7dd4b82930_0;  1 drivers
v0x5d7dd4b824d0_0 .var "carry", 0 0;
v0x5d7dd4b825a0_0 .var "result", 7 0;
v0x5d7dd4b82680_0 .net "sel", 2 0, v0x5d7dd4b82bd0_0;  1 drivers
E_0x5d7dd4b33f20 .event anyedge, v0x5d7dd4b82680_0, v0x5d7dd4b6ef50_0, v0x5d7dd4b823f0_0;
    .scope S_0x5d7dd4b6ed50;
T_0 ;
    %wait E_0x5d7dd4b33f20;
    %pushi/vec4 0, 0, 1;
    %store/vec4 v0x5d7dd4b824d0_0, 0, 1;
    %load/vec4 v0x5d7dd4b82680_0;
    %dup/vec4;
    %pushi/vec4 0, 0, 3;
    %cmp/u;
    %jmp/1 T_0.0, 6;
    %dup/vec4;
    %pushi/vec4 1, 0, 3;
    %cmp/u;
    %jmp/1 T_0.1, 6;
    %dup/vec4;
    %pushi/vec4 2, 0, 3;
    %cmp/u;
    %jmp/1 T_0.2, 6;
    %dup/vec4;
    %pushi/vec4 3, 0, 3;
    %cmp/u;
    %jmp/1 T_0.3, 6;
    %dup/vec4;
    %pushi/vec4 4, 0, 3;
    %cmp/u;
    %jmp/1 T_0.4, 6;
    %dup/vec4;
    %pushi/vec4 5, 0, 3;
    %cmp/u;
    %jmp/1 T_0.5, 6;
    %pushi/vec4 0, 0, 8;
    %store/vec4 v0x5d7dd4b825a0_0, 0, 8;
    %jmp T_0.7;
T_0.0 ;
    %load/vec4 v0x5d7dd4b6ef50_0;
    %pad/u 9;
    %load/vec4 v0x5d7dd4b823f0_0;
    %pad/u 9;
    %add;
    %split/vec4 8;
    %store/vec4 v0x5d7dd4b825a0_0, 0, 8;
    %store/vec4 v0x5d7dd4b824d0_0, 0, 1;
    %jmp T_0.7;
T_0.1 ;
    %load/vec4 v0x5d7dd4b6ef50_0;
    %pad/u 9;
    %load/vec4 v0x5d7dd4b823f0_0;
    %pad/u 9;
    %sub;
    %split/vec4 8;
    %store/vec4 v0x5d7dd4b825a0_0, 0, 8;
    %store/vec4 v0x5d7dd4b824d0_0, 0, 1;
    %jmp T_0.7;
T_0.2 ;
    %load/vec4 v0x5d7dd4b6ef50_0;
    %load/vec4 v0x5d7dd4b823f0_0;
    %and;
    %store/vec4 v0x5d7dd4b825a0_0, 0, 8;
    %jmp T_0.7;
T_0.3 ;
    %load/vec4 v0x5d7dd4b6ef50_0;
    %load/vec4 v0x5d7dd4b823f0_0;
    %or;
    %store/vec4 v0x5d7dd4b825a0_0, 0, 8;
    %jmp T_0.7;
T_0.4 ;
    %load/vec4 v0x5d7dd4b6ef50_0;
    %load/vec4 v0x5d7dd4b823f0_0;
    %xor;
    %store/vec4 v0x5d7dd4b825a0_0, 0, 8;
    %jmp T_0.7;
T_0.5 ;
    %load/vec4 v0x5d7dd4b6ef50_0;
    %inv;
    %store/vec4 v0x5d7dd4b825a0_0, 0, 8;
    %jmp T_0.7;
T_0.7 ;
    %pop/vec4 1;
    %jmp T_0;
    .thread T_0, $push;
    .scope S_0x5d7dd4b6ebc0;
T_1 ;
    %vpi_call 2 16 "$dumpfile", "dump.vcd" {0 0 0};
    %vpi_call 2 17 "$dumpvars", 32'sb00000000000000000000000000000000, S_0x5d7dd4b6ebc0 {0 0 0};
    %pushi/vec4 10, 0, 8;
    %store/vec4 v0x5d7dd4b82850_0, 0, 8;
    %pushi/vec4 5, 0, 8;
    %store/vec4 v0x5d7dd4b82930_0, 0, 8;
    %pushi/vec4 0, 0, 3;
    %store/vec4 v0x5d7dd4b82bd0_0, 0, 3;
    %delay 10000, 0;
    %pushi/vec4 1, 0, 3;
    %store/vec4 v0x5d7dd4b82bd0_0, 0, 3;
    %delay 10000, 0;
    %pushi/vec4 2, 0, 3;
    %store/vec4 v0x5d7dd4b82bd0_0, 0, 3;
    %delay 10000, 0;
    %pushi/vec4 3, 0, 3;
    %store/vec4 v0x5d7dd4b82bd0_0, 0, 3;
    %delay 10000, 0;
    %pushi/vec4 4, 0, 3;
    %store/vec4 v0x5d7dd4b82bd0_0, 0, 3;
    %delay 10000, 0;
    %pushi/vec4 5, 0, 3;
    %store/vec4 v0x5d7dd4b82bd0_0, 0, 3;
    %delay 10000, 0;
    %vpi_call 2 26 "$finish" {0 0 0};
    %end;
    .thread T_1;
# The file index is used to find the file name in the following table.
:file_names 4;
    "N/A";
    "<interactive>";
    "alu_tb.v";
    "alu.v";
